src/app/admin/admin-reports/pdf-uploads-report/pdf-uploads-report.component.ts(78,18): error TS2820: Type '"item"' is not assignable to type 'DSpaceObjectType'. Did you mean 'DSpaceObjectType.ITEM'?
src/app/core/cache/object-cache.reducer.ts(299,12): error TS2802: Type 'Set<string>' can only be iterated through when using the '--downlevelIteration' flag or with a '--target' of 'es2015' or higher.
src/app/core/data/bitstream-format-data.service.ts(13,34): error TS2307: Cannot find module 'src/app/shared/utils/follow-link-config.model' or its corresponding type declarations.
src/app/core/data/dso-change-analyzer.service.ts(6,8): error TS1259: Module '"/home/diracai-alok/Alok2.0/Higher_Education/source/frontend/node_modules/@types/lodash/cloneDeep"' can only be default-imported using the 'esModuleInterop' flag
src/app/core/data/request.service.ts(9,8): error TS1259: Module '"/home/diracai-alok/Alok2.0/Higher_Education/source/frontend/node_modules/@types/lodash/cloneDeep"' can only be default-imported using the 'esModuleInterop' flag
src/app/core/services/route.service.ts(15,8): error TS1259: Module '"/home/diracai-alok/Alok2.0/Higher_Education/source/frontend/node_modules/@types/lodash/isEqual"' can only be default-imported using the 'esModuleInterop' flag
src/app/core/shared/bitstream.model.ts(7,36): error TS2307: Cannot find module 'src/app/shared/object-collection/shared/badges/access-status-badge/access-status.model' or its corresponding type declarations.
src/app/core/shared/bitstream.model.ts(8,31): error TS2307: Cannot find module 'src/app/shared/object-collection/shared/badges/access-status-badge/access-status.resource-type' or its corresponding type declarations.
src/app/core/shared/item.model.ts(9,36): error TS2307: Cannot find module 'src/app/shared/object-collection/shared/badges/access-status-badge/access-status.model' or its corresponding type declarations.
src/app/core/shared/item.model.ts(10,31): error TS2307: Cannot find module 'src/app/shared/object-collection/shared/badges/access-status-badge/access-status.resource-type' or its corresponding type declarations.
src/app/core/shared/metadata.utils.ts(1,8): error TS1259: Module '"/home/diracai-alok/Alok2.0/Higher_Education/source/frontend/node_modules/@types/lodash/groupBy"' can only be default-imported using the 'esModuleInterop' flag
src/app/core/shared/metadata.utils.ts(2,8): error TS1259: Module '"/home/diracai-alok/Alok2.0/Higher_Education/source/frontend/node_modules/@types/lodash/sortBy"' can only be default-imported using the 'esModuleInterop' flag
src/app/shared/form/form.reducer.ts(1,8): error TS1259: Module '"/home/diracai-alok/Alok2.0/Higher_Education/source/frontend/node_modules/@types/lodash/isEqual"' can only be default-imported using the 'esModuleInterop' flag
src/app/shared/form/form.reducer.ts(2,8): error TS1259: Module '"/home/diracai-alok/Alok2.0/Higher_Education/source/frontend/node_modules/@types/lodash/uniqWith"' can only be default-imported using the 'esModuleInterop' flag
src/app/shared/notifications/notifications.service.ts(4,8): error TS1259: Module '"/home/diracai-alok/Alok2.0/Higher_Education/source/frontend/node_modules/@types/lodash/uniqueId"' can only be default-imported using the 'esModuleInterop' flag
src/app/shared/object-list/duplicate-data/duplicate.resource-type.ts(1,30): error TS2307: Cannot find module 'src/app/core/shared/resource-type' or its corresponding type declarations.
src/app/shared/object-list/identifier-data/identifier-data.model.ts(5,29): error TS2307: Cannot find module 'src/app/core/cache/builders/build-decorators' or its corresponding type declarations.
src/app/shared/object-list/identifier-data/identifier-data.model.ts(6,33): error TS2307: Cannot find module 'src/app/core/cache/cacheable-object.model' or its corresponding type declarations.
src/app/shared/object-list/identifier-data/identifier-data.model.ts(7,25): error TS2307: Cannot find module 'src/app/core/shared/hal-link.model' or its corresponding type declarations.
src/app/shared/object-list/identifier-data/identifier-data.model.ts(8,30): error TS2307: Cannot find module 'src/app/core/shared/resource-type' or its corresponding type declarations.
src/app/shared/object-list/identifier-data/identifier-data.model.ts(9,35): error TS2307: Cannot find module 'src/app/core/utilities/equals.decorators' or its corresponding type declarations.
src/app/shared/object-list/identifier-data/identifier-data.resource-type.ts(1,30): error TS2307: Cannot find module 'src/app/core/shared/resource-type' or its corresponding type declarations.
src/app/shared/object.util.ts(1,8): error TS1259: Module '"/home/diracai-alok/Alok2.0/Higher_Education/source/frontend/node_modules/@types/lodash/isEqual"' can only be default-imported using the 'esModuleInterop' flag
src/app/shared/object.util.ts(2,8): error TS1259: Module '"/home/diracai-alok/Alok2.0/Higher_Education/source/frontend/node_modules/@types/lodash/isObject"' can only be default-imported using the 'esModuleInterop' flag
src/app/shared/object.util.ts(3,8): error TS1259: Module '"/home/diracai-alok/Alok2.0/Higher_Education/source/frontend/node_modules/@types/lodash/transform"' can only be default-imported using the 'esModuleInterop' flag
